    ITEM           SIZE                     LABEL       MODE
    Skills         12 skills · 340 KB       ● Safe      [Share]      Copy   Skip
      ! 2 have the same name in work
    Agents         5 agents · 48 KB         ● Safe      [Share]      Copy   Skip
    Commands       9 commands · 22 KB       ● Safe      [Share]      Copy   Skip
    CLAUDE.md      4.1 KB                   ● Safe      [Share]      Copy   Skip
    Plugins        4 enabled                ● Safe      [Same list]         Skip
    Settings       settings.json · 2.3 KB   ◆ Review                [Copy]  Skip
    Hooks          3 hooks                  ◆ Review                [Copy]  Skip
| > MCP servers    3 servers                ▲ Careful                Copy  [Skip]                   
|     May hold API keys. Turning it on asks twice.                                                  
    Chat history   1.2 GB                   ◆ Review                 Copy  [Skip]
    Login                                   # locked    never cloned
    Account info                            # locked    never cloned

    Share = one folder for both, add once and both see it.
    Copy = a separate copy now.

    Share 4 - Same list 1 - Copy 2 - Skip 2 - 3.2 KB to copy