    TOOL           ACCOUNT                      WHY
| > Claude Code  + work (you@work.com)          folder rule: C:\P...\quiz-slayer
|                  C:\Projects > C:\Projects\quiz-slayer (won)                  
    Git          + You <you.pers...@gmail.com>  everywhere
    GitHub       | default (you-on-github)      everywhere
    Vercel       ! default  expired             everywhere - sign in again
    Cloudflare   + default (you@gmail.com)      everywhere - beta
    Convex       + project: quiz-slayer         set by this project's .env.local
    Firebase     . not signed in
    Supabase     - not installed