 Bring the setup to work

 ✗ Claude Code is using this account

 C:\Users\you\.devpit\accounts\claude\work\skills is in use, most likely by a running Claude Code
 session. Close Claude Code in this account and try again; nothing was changed

 1. Close every Claude Code window that uses this account.
 2. Press Enter to try again. Nothing was changed.

 ✗ Share skills with the default account (a link in work)  C:\Users\you\.devpit\accounts\claude\w…

 [enter] back












[keys] enter back  ·  l log
