 Name the new Claude Code account                    in C:\Projects\quiz-slayer

 ✓ Signed in as you@side.example

╭───────────────────────────────────────────────────────────────╮
│ Throw away this sign-in?                                      │
│ Nothing is saved. Devpit removes the folder the sign-in made. │
│                                                               │
│ [ No ]   [ Yes ]                                              │
╰───────────────────────────────────────────────────────────────╯









[keys] y/n yes/no  ·  enter confirm
