 Accounts                                            in C:\Projects\quiz-slayer

    TOOL           ACCOUNT            WHY
    Claude Code  + work               folder rule: C:\Projects
    Git          + You                everywhere
    GitHub       + work (you-at-w...  folder rule: C:\Projects
| > Vercel       + default            everywhere - old rule: drive not connected
    Firebase     - not installed
    Supabase     - not installed
    Cloudflare   + default (not c...  everywhere - beta
    Convex       + project: quiz-...  set by this project's .env.local

 ! E:\usb\old-client: drive E: is not connected. The rule stays until you
   remove it, and works again when the drive is back.
   Fix: Open devpit › Accounts › Browse folders › Fix old rules to remove it or
        point it at the folder's new place.



[keys] v verify  ·  b folders  ·  f folder  ·  u undo
