 Accounts   in C:\Users\you\Documents\Clients\Northwind Traders\2026 engagement\web-pla...\checkout

    TOOL            ACCOUNT                                WHY
| > Claude Code   + work (you@work.example)                folder rule: C:\...\web-platform-monorepo
    Git           + You <you@personal.example>             everywhere
    GitHub        + default (you-personal@users.example)   everywhere
    Vercel        + northwind                              folder rule: C:\...\web-platform-monorepo
    Firebase      - not installed
    Supabase      - not installed
    Cloudflare    + default (not checked yet)              everywhere - beta
    Convex        + project: quiz-slayer                   set by this project's .env.local














[keys] v verify  ·  b folders  ·  f folder  ·  u undo
