 Bring the setup to work

 + Brought the Claude Code setup to work

 + Share skills with the default account (a link in work)
 + Share agents with the default account (a link in work)
 + Share commands with the default account (a link in work)
 + Share claude.md with the default account (a link in work)
 + Copy the list of enabled plugins and marketplaces; work i...
 + Copy settings into work
 + Copy hooks into work

 [enter] back  [l] log












[keys] enter back  ·  l log
