 Which Claude Code account?                          in C:\Projects\quiz-slayer

 › wo

▌ ▸ work (you@work.example)                                            used here
▌   rules: C:\Projects

    + Sign in with another account…
    Run Claude Code's own sign-in and name the account










[keys] ↑↓ move  ·  enter select
