 Accounts                                                                in C:\Projects\quiz-slayer

Which folder do you want to see the accounts of?

▌ ▸ C:\Projects\quiz-slayer
▌   Your default projects folder

    Type a path…
    Enter a folder by hand

    Browse…
    Open the Windows folder browser













[keys] enter choose  ·  esc back
