 Making the change                                   in C:\Projects\quiz-slayer

 X The change did not finish

 Writing ~/AppData/Roaming/devpit/accounts.toml: the file is in use. Everything
 done so far was put back

 + Recording the change so it can be undone
 X Nothing to change in Claude Code itself   writing ~/AppData/Roaming/devp...










[keys] enter back  ·  l log
