 GitHub                                              in C:\Projects\quiz-slayer

 Signed in as  work (you-at-work)
 Comes from    folder rule: C:\Projects
 Everywhere    default (you-personal@users.example)

| > Use another account here…
|   In this folder and every folder inside it
    Use another account everywhere…
    Just this once…
    Sign in with another account…
    Remove the rule on C:\Projects
    Pushes and SSH keys…
    Manage accounts…





[keys] ↑↓ move  ·  enter select
