 Browse folders                                                       here: C:\Projects\quiz-slayer

    FOLDER                      ACCOUNTS SET HERE
    Everywhere                  claude default - git default - github default
    |                           vercel default
    `- v C:\Projects            claude work - github work
| >    `-   quiz-slayer (here)


















[keys] ↑↓ move  ·  ←→ fold  ·  enter open  ·  / filter
