 Claude Code                                                             in C:\Projects\quiz-slayer

 Signed in as  client (you@client.example)
 Comes from    folder rule: C:\Projects\quiz-slayer
 Rules here    C:\Projects → C:\Projects\quiz-slayer (won)
 Everywhere    default (you@personal.example)

▌ ▸ Use another account here…
▌   In this folder and every folder inside it
    Use another account everywhere…
    Just this once…
    Sign in with another account…
    Sign in again
    Remove the rule on C:\Projects\quiz-slayer
    Bring your Claude Code setup over…
    Manage accounts…









[keys] ↑↓ move  ·  enter select
