 Accounts   in C:\Users\you\Documents\Clients\Northwind Traders\202...\checkout

    TOOL           ACCOUNT             WHY
| > Claude Code  + work                folder rule: C:\...\web-platform-monorepo
    Git          + You                 everywhere
    GitHub       + default             everywhere
    Vercel       + northwind           folder rule: C:\...\web-platform-monorepo
    Firebase     - not installed
    Supabase     - not installed
    Cloudflare   + default (not ch...  everywhere - beta
    Convex       + project: quiz-s...  set by this project's .env.local








[keys] v verify  ·  b folders  ·  f folder  ·  u undo
