 Convex                                                                  in C:\Projects\quiz-slayer

 Project       quiz-slayer
 Comes from    set by this project's .env.local

▌ ▸ Use another account…                                                                   show only

 Convex picks the account per project. Devpit shows it but does not switch it.

















[keys] ↑↓ move  ·  enter select
