 Bring your Claude Code setup to work?

 X Windows will not make links here

 links cannot be made in this account folder (a policy on this PC does not allow junctions).
 Nothing was changed; Devpit can copy instead

 1. Press c to copy the items instead. You see the new preview first.

 [c] copy instead (you see the new preview first)  [enter] back















[keys] c copy instead  ·  enter back
