 Claude Code                                         in C:\Projects\quiz-slayer

 Signed in as  work (you@work.example)  ! expired, sign in again
 Comes from    folder rule: C:\Projects
 Everywhere    default (you@personal.example)

| > Sign in again
|   Sign work in again, in its own folder
    Use another account here…
    Use another account everywhere…
    Just this once…
    Sign in with another account…
    Remove the rule on C:\Projects
    Bring your Claude Code setup over…
    Manage accounts…




[keys] ↑↓ move  ·  enter select
