 Firebase                                                                in C:\Projects\quiz-slayer

 Installed     - not on this PC

 Firebase is not installed, so nothing is checked or changed for it.

| > Manage accounts…
|   Rename or remove an account

















[keys] ↑↓ move  ·  enter select
