 Done                                                in C:\Projects\quiz-slayer

 + Claude Code uses default in C:\Projects\quiz-slayer

 + Recording the change so it can be undone
 + Nothing to change in Claude Code itself

 [v] verify  [u] undo  [enter] back to Accounts











[keys] v verify  ·  u undo  ·  enter back to Accounts  ·  l log
