 Git                                                                     in C:\Projects\quiz-slayer

 Commits as  You <you@personal.example>
             from your global Git config

 Pushes as   GitHub: work (you-at-work)
             folder rule: C:\Projects - Devpit's sign-in helper

| > Commit as another identity here…
|   In this folder and every folder inside it
    Commit as another identity everywhere…
    Add another identity…
    Push as another GitHub account here…
    Push with an SSH key…
    Manage identities…










[keys] ↑↓ move  ·  enter select
