 Bring the setup to work

 ✓ Brought the Claude Code setup to work

 ✓ Share skills with the default account (a link i…
 ✓ Share agents with the default account (a link i…
 ✓ Share commands with the default account (a link…
 ✓ Share claude.md with the default account (a lin…
 ✓ Copy the list of enabled plugins and marketplac…
 ✓ Copy settings into work
 ✓ Copy hooks into work

 [enter] back  [l] log






[keys] enter back  ·  l log
