 Sign in to another Claude Code account              in C:\Projects\quiz-slayer

 X Signing in did not finish

 Claude Code says this folder is not signed in. Nothing was saved and nothing
 was left behind.

 1. Press Enter to try again, or Esc to go back.

 + Checking Claude Code                              version 1.0.0
 + Opening Claude Code's own sign-in
 + Waiting for you to finish signing in in the b...
 X Signing in                                        sign-in did not finish...






[keys] enter try again
