 Browse folders                                   here: C:\Projects\quiz-slayer

    FOLDER                      ACCOUNTS SET HERE
    Everywhere                  claude default · git default · github default
    │                           vercel default
    ├─ ▾ C:\Projects            claude work · github work
▌ ▸ │  └─   quiz-slayer (here)
    └─   E:\usb\old-client      ! drive not connected · vercel client

 ! 1 rule points at a folder that is not there.  [x] fix old rules









[keys] ↑↓ move  ·  ←→ fold  ·  enter open  ·  / filter  ·  x fix old rules
