 Some items are already in work

 Nothing is deleted or overwritten whichever you pick.

| > Keep
|   work's own stay beside, renamed name.from-work

    Replace
    work's own move to a dated backup folder inside work

    Keep both
    work's own are renamed name-work and shared too













[keys] ↑↓ move  ·  enter select
