 Who each tool says is signed in                                         in C:\Projects\quiz-slayer

     TOOL        EXPECTED                            TOOL SAYS
 ▸ ✗ Claude Code work (you@work.example)             mismatch · signed in as someone-else@work.exam…
   ✓ Git         You <you@personal.example>          commits as You <you@personal.example>
   ✓ GitHub      work (you-at-work)                  signed in as you-at-work
   ✓ Vercel      default (you@personal.example)      signed in as you@personal.example
   ─ Firebase    default (not checked yet)           not installed
   ─ Supabase    default (not checked yet)           not installed
   ✓ Cloudflare  default (not checked yet)           signed in
   · Convex      default (not checked yet)           project: quiz-slayer

 ✗ Something is not as it should be. Pick a row marked ✗ and press f.

 Devpit expects work to be you@work.example, but Claude Code says it is someone-else@work.example.
   Sign in again with: devpit claude add
 [f] fix this

 [a] also check the accounts not used here






[keys] ↑↓ move  ·  f fix  ·  a check idle accounts  ·  r check again  ·  enter back
