 DEVPIT  vdev  -  Install & Update                           node ...   git ...

  Accounts    Clean    Ports & Net    Apps    Share    Settings   tab <-> - 1-6
-------------------------------------======-------------------------------------
Install dev apps, update everything.

| > Install developer apps
|   Pick dev apps and install them with your package manager

    Update everything
    Update apps and tools through every package manager found











--------------------------------------------------------------------------------
esc back  -  ^v move  -  enter select  -  ? help