 DEVPIT  dev  ·  Install & Update                                                    node …   git …

  Accounts    Clean    Ports & Net    Apps    Share    Settings                         tab ⇄ · 1–6
─────────────────────────────────────━━━━━━─────────────────────────────────────────────────────────
Install dev apps, update everything.

▌ ▸ Install developer apps
▌   Pick apps from a list; Devpit installs them for you

    Update everything
    See what is out of date, then pick what to update

















────────────────────────────────────────────────────────────────────────────────────────────────────
esc back  ·  ↑↓ move  ·  enter select  ·  ? help