 DEVPIT  vdev                                                                        node …   git …
────────────────────────────────────────────────────────────────────────────────────────────────────
                           ██████╗ ███████╗██╗   ██╗██████╗ ██╗████████╗
                           ██╔══██╗██╔════╝██║   ██║██╔══██╗██║╚══██╔══╝
                           ██║  ██║█████╗  ██║   ██║██████╔╝██║   ██║
                           ██║  ██║██╔══╝  ╚██╗ ██╔╝██╔═══╝ ██║   ██║
                           ██████╔╝███████╗ ╚████╔╝ ██║     ██║   ██║
                           ╚═════╝ ╚══════╝  ╚═══╝  ╚═╝     ╚═╝   ╚═╝
                                       by Zubair Bin Shaukat

              ╭──────────────────────────────────────────────────────────────────────╮
              │ ▌ ▸ ◧  Free Up Disk Space                                            │
              │ ▌      Scan and clean dev junk, caches and temp files                │
              │     ◉  Fix Stuck Ports & Apps                Port 3000 busy? Kill it │
              │                                                                      │
              │     ▣  Install Developer Apps                                        │
              │                                                                      │
              │     ↻  Update Everything                                             │
              │                                                                      │
              │     ◎  Network Tools                                                 │
              │                                                                      │
              │     ◈  Git & SSH Setup                                               │
              │                                                                      │
              │     ≡  Devpit Settings                                               │
              │                                                                      │
              │     ⇄  Share Files                                                   │
              ╰──────────────────────────────────────────────────────────────────────╯

────────────────────────────────────────────────────────────────────────────────────────────────────
↑↓ move  ·  enter select  ·  q quit  ·  ? help