 DEVPIT  vdev                                                node ...   git ...
  Clean   Ports   Apps   Update   Network   Git   Settings
--------------------------------------------------------------------------------
                  ####  ##### #   # ####  ##### #####
                  #   # #     #   # #   #   #     #
                  #   # ####  #   # ####    #     #
                  #   # #      # #  #       #     #
                  ####  #####   #   #     #####   #
                         by Zubair Bin Shaukat

+----------------------------------------------------------------------+
|                                                                      |
|   > Free Up Disk Space                                               |
|     (Scan and clean dev junk, caches and temp files)                 |
|     Fix Stuck Ports & Apps                   Port 3000 busy? Kill it |
|     (Free busy ports and stop stuck processes)                       |
|     Install Developer Apps                                           |
|     (Pick and install dev apps)                                      |
|     Update Everything                                                |
|     (Update apps and tools through every detected package manager)   |
|   v 3 more                                                           |
+----------------------------------------------------------------------+
--------------------------------------------------------------------------------
^v move  -  enter select  -  q quit  -  ? help