 DEVPIT  vdev                                                node ...   git ...
--------------------------------------------------------------------------------

                   D E V P I T by Zubair Bin Shaukat

+----------------------------------------------------------------------+
| | > Accounts                                                         |
| |   Use the right account in every folder                            |
|     Free Up Disk Space                                               |
|                                                                      |
|     Ports & Network                                                  |
|                                                                      |
|     Install & Update                                                 |
|                                                                      |
|     Share Files                                                      |
|                                                                      |
|     Devpit Settings                                                  |
+----------------------------------------------------------------------+

             Pit crew ready. Pick a section, or press 1-6.


--------------------------------------------------------------------------------
^v move  -  enter select  -  q quit  -  ? help