 DEVPIT  dev  ·  Install & Update › Install developer apps                           node …   git …

  Accounts    Clean    Ports & Net    Apps    Share    Settings                         tab ⇄ · 1–6
─────────────────────────────────────━━━━━━─────────────────────────────────────────────────────────
Manager: scoop

 Runtimes
▌ ▸   [ ] Node.js LTS
      [ ] Python
      [ ] Go
      [ ] Rust (via rustup)
      [ ] .NET SDK
      [ ] Eclipse Temurin JDK
 Editors
      [ ] Visual Studio Code
      [ ] Notepad++
 Terminals & Shell
      [ ] Windows Terminal
      [ ] PowerShell 7
      [ ] oh-my-posh
      [ ] starship
 VCS
      [ ] Git
      [ ] GitHub CLI
 Containers
          Docker Desktop                                                     not available via scoop
 Package Managers
      [ ] pnpm
────────────────────────────────────────────────────────────────────────────────────────────────────
esc back  ·  ↑↓ move  ·  space toggle  ·  enter install  ·  ? help