 DEVPIT  vdev  ·  Ports & Network › Network tools                                    node …   git …

  Accounts    Clean    Ports & Net    Apps    Share    Settings                         tab ⇄ · 1–6
──────────────────────━━━━━━━━━━━━━─────────────────────────────────────────────────────────────────
IP, connectivity and DNS helpers.

▌ ▸ My IP addresses
▌   Local interfaces and your public IP

    Ping a host
    Check connectivity, default 1.1.1.1

    Flush DNS cache
    Clear the resolver cache














────────────────────────────────────────────────────────────────────────────────────────────────────
esc back  ·  ↑↓ move  ·  enter select  ·  ? help