 DEVPIT  dev  -  Ports & Network › Network tools             node ...   git ...

  Accounts    Clean    Ports & Net    Apps    Share    Settings   tab <-> - 1-6
----------------------=============---------------------------------------------
IP, connectivity and DNS helpers.

| > My IP addresses
|   This PC's addresses on your network and on the internet

    Ping a host
    Check that an address answers (1.1.1.1 unless you type one)

    Flush DNS cache
    Clear Windows' saved web addresses; fixes some sites that will not load








--------------------------------------------------------------------------------
esc back  -  ^v move  -  enter select  -  ? help