 DEVPIT  vdev  -  Ports & Network                                                node ...   git ...

  Accounts    Clean    Ports & Net    Apps    Share    Settings                       tab <-> - 1-6
----------------------=============-----------------------------------------------------------------
Free a busy port, check your connection.

| > Fix stuck ports & apps
|   Kill whatever holds a port, stop stuck Node processes

    Network tools
    Your IP addresses, a ping check and a DNS flush

















----------------------------------------------------------------------------------------------------
esc back  -  ^v move  -  enter select  -  ? help