 DEVPIT  dev  ·  Ports & Network                                 node …   git …

  Accounts    Clean    Ports & Net    Apps    Share    Settings     tab ⇄ · 1–6
──────────────────────━━━━━━━━━━━━━─────────────────────────────────────────────
Free a busy port, check your connection.

▌ ▸ Fix stuck ports & apps
▌   Close what is using a port, or stop stuck Node programs

    Network tools
    See your IP addresses, test your connection, clear the DNS cache











────────────────────────────────────────────────────────────────────────────────
esc back  ·  ↑↓ move  ·  enter select  ·  ? help