 DEVPIT  vdev  -  Settings                                                       node ...   git ...

  Accounts    Clean    Ports & Net    Apps    Share    Settings                       tab <-> - 1-6
------------------------------------------------------==========------------------------------------
                                                   |
  Look ------------------------------------------  |  Package manager
    Theme                 < auto >                 |
    Icons                 < ascii >                |  Which installer Install & Update uses for new
    Emoji                 [ ] off                  |  apps. auto uses Scoop if you have it, then
    Icon font             not installed         >  |  winget, then Chocolatey. Pick one to always
    Icon check            needs the icon font   >  |  use it.
  Cleaning --------------------------------------  |
    Projects folder       D:\work\projects      >  |  [enter] next  [left/right] choose
    Never-touch folders   2 folders             >  |
    Recent projects       last 7 days           >  |
    Age filter            older than 30 days    >  |
    Forget last scan                            >  |
  Tools -----------------------------------------  |
| > Package manager       < auto >                 |
    Dev ports             27 ports              >  |
  AI agents -------------------------------------  |
    AI agent skill        not installed         >  |
  Privacy and updates ---------------------------  |
    Usage stats           [ ] off                  |
    Update check          [x] on                   |
  About -----------------------------------------  |
    About Devpit          v0.4.0                >  |
    What's new            in 0.4                >  |  Changes save as soon as you make them.
----------------------------------------------------------------------------------------------------
esc back  -  ^v move  -  enter change/open  -  <> choose  -  ? help