 DEVPIT  vdev  ·  Settings                                       node …   git …
  Clean   Ports   Apps   Update   Network   Git   Settings
────────────────────────────────────────────────────────────────────────────────
Changes save as soon as you make them.

    Icons: unicode
    Theme: auto
    Emoji: off
    Usage stats: off
    Projects folder: not set
    Preferred package manager: auto
    Never-touch list: 0 path(s)
    Dev ports: 27 configured
    Active project window: 7 days
    Older-than filter: 30 days
    Icon font: not installed
    Icon check: install the icon font first
  ▸ Rescan my tools
    (Clears the scan cache so the next scan reads the disk fresh)
    Update check: on
    About Devpit

────────────────────────────────────────────────────────────────────────────────
↑↓ move  ·  enter/space change  ·  esc back  ·  ? help