✗ Already signed in to that PC as someone else

Windows allows only one sign-in per PC at a time. This PC already has a
connection to it with other credentials.

1. Press the button to close the old connections to that PC.
2. Then sign in again.

errno 1219

[keys] r try again  ·  d close old connections
