Setting up sharing
Windows asks for permission once. Allow it to continue.

 ✓ Allow sharing in the firewall
 ⠋ Create a temporary login        working…
 · Let that login read the folder                                        queued
 · Share the folder read-only                                            queued

[keys]
