╭──────────────────────────────────────────────────────────────────────────────╮
│ Stop sharing?                                                                │
│ The other PC can no longer copy. Devpit removes the share, the temporary     │
│ login and the settings it changed.                                           │
│                                                                              │
│ [ No ]   [ Yes ]                                                             │
╰──────────────────────────────────────────────────────────────────────────────╯

[keys] y/n yes/no  ·  enter confirm
