╭────────────────────────────────────────────────────────────────────────────╮
│ ✓ Sharing D:\Games  (read-only)                                            │
│                                                                            │
│ Address   192.168.1.5  on Ethernet                                         │
│ Share     Games-x7k2                                                       │
│ User      devpit-ab12                                                      │
│ Password  Xk3mPq9RtVw2NbLc                                                 │
│                                                                            │
│ On a PC without Devpit, type these two lines:                              │
│   net use \\192.168.1.5\Games-x7k2 /user:devpit-ab12 Xk3mPq9RtVw2NbLc      │
│   robocopy \\192.168.1.5\Games-x7k2 "D:\Games-x7k2" /E /MT:16 /Z /R:3 /…   │
│                                                                            │
│ The login is temporary and can only read this folder.                      │
╰────────────────────────────────────────────────────────────────────────────╯

[keys] c copy net use  ·  r copy robocopy  ·  p copy password  ·  s stop sharing
