Setting up sharing
Windows asks for permission once. Allow it to continue.

 ✓ Switch the network to Private
 ✓ Allow sharing in the firewall
 ✓ Create a temporary login
 ⠋ Let that login read the folder  working…
 · Share the folder read-only                                            queued

[keys]
