✗ 2 files did not copy
79.0 GB of 80.0 GB was copied. Some files could not be copied.

  \\192.168.1.5\Games\Data\big-video.mp4  This disk is full
  \\192.168.1.5\Games\save\slot1.dat  A file is in use

1. Free some space, or choose another disk.
2. Then resume the copy. Finished files are skipped.

Press r to try the failed files again.

[keys] r try again  ·  enter back
