╭────────────────────────────────────────────────────╮
│ ✓ Done. 80.0 GB copied  ·  1,200 files  ·  14m 02s │
│                                                    │
│ The files are in D:\Games                          │
│ All files were copied.                             │
╰────────────────────────────────────────────────────╯

Press Enter to go back.

[keys] enter back
