 DEVPIT  vdev  -  AI agent skill                                                 node ...   git ...

  Accounts    Clean    Ports & Net    Apps    Share    Settings                       tab <-> - 1-6
------------------------------------------------------==========------------------------------------
 AI agent skill for Claude Code
 * Installed. Claude Code can use Devpit.

 What happened
 + default  C:\Users\you\.claude\skills\devpit\SKILL.md
 + work     C:\Users\you\.devpit\accounts\claude\work\skills\devpit\SKILL.md

 + Done in 2 places. Claude Code picks the skill up the next time it starts.

 Esc goes back to Settings.














----------------------------------------------------------------------------------------------------
esc back  -  ? help