 DEVPIT  vdev  ·  Update Everything
                                                                 node …   git …
────────────────────────────────────────────────────────────────────────────────
Space unticks a manager, Enter runs the rest.

▸ [x] scoop
















────────────────────────────────────────────────────────────────────────────────
esc back  ·  ↑↓ move  ·  space toggle  ·  enter update  ·  ? help