 DEVPIT  vdev  -  Update Everything                                              node ...   git ...
  Clean   Ports   Apps   Update   Network   Git   Settings                     tab / shift+tab - 1-7
----------------------------------------------------------------------------------------------------
Space unticks a manager, Enter runs the rest.

> [x] scoop






















----------------------------------------------------------------------------------------------------
esc back  -  ^v move  -  space toggle  -  enter update  -  ? help