{
  "folder": "<root>\\Work\\api",
  "mismatch": false,
  "checks": [
    {
      "tool": "claude",
      "account": "work",
      "here": true,
      "expected": "work (z@work.com)",
      "actual": {
        "state": "signed in",
        "email": "z@work.com"
      },
      "says": "signed in as z@work.com",
      "how": "live",
      "status": "ok",
      "notes": []
    },
    {
      "tool": "git",
      "account": "default",
      "here": true,
      "expected": "default (not checked yet)",
      "how": "not run",
      "status": "not installed",
      "notes": []
    },
    {
      "tool": "github",
      "account": "default",
      "here": true,
      "expected": "default (not checked yet)",
      "how": "not run",
      "status": "not installed",
      "notes": []
    },
    {
      "tool": "vercel",
      "account": "default",
      "here": true,
      "expected": "default (not checked yet)",
      "how": "not run",
      "status": "not installed",
      "notes": []
    },
    {
      "tool": "firebase",
      "account": "default",
      "here": true,
      "expected": "default (not checked yet)",
      "how": "not run",
      "status": "not installed",
      "notes": []
    },
    {
      "tool": "supabase",
      "account": "default",
      "here": true,
      "expected": "default (not checked yet)",
      "how": "not run",
      "status": "not installed",
      "notes": []
    },
    {
      "tool": "cloudflare",
      "account": "default",
      "here": true,
      "expected": "default (not checked yet)",
      "how": "not run",
      "status": "not installed",
      "notes": []
    },
    {
      "tool": "convex",
      "account": "default",
      "here": true,
      "expected": "no project here",
      "how": "not run",
      "status": "not installed",
      "notes": []
    }
  ],
  "problems": [
    {
      "kind": "set in this terminal",
      "tool": "github",
      "message": "GH_TOKEN is set in this terminal by something other than Devpit. gh uses this token instead of any signed-in account, wherever Devpit's rules do not pick one.",
      "fix": "If you did not mean to set it, remove it here with `Remove-Item Env:GH_TOKEN` (PowerShell) or `set GH_TOKEN=` (cmd), and from wherever sets it (a PowerShell profile, the system environment), then open a new terminal."
    }
  ],
  "skipped": []
}
